{'name': 'Данила', 'last_name': 'Гинда', 'father_name': '', 'group': 'ШАД-112', 'birthday': '2005-04-07', 'email': 'danila@ginda.info', 'target': 'Военкомат', 'count': '1'}